[2026-07-02 12:10:19.525] info: [export] Diagnostic log file: E:\jut\jutciie-cms\export_1782974419511.log (info-level messages are written here even without --verbose)
[2026-07-02 12:10:19.526] info: [file-destination-provider] creating gzip

[2026-07-02 12:10:19.594] info: [local-source-provider] getting metadata

[2026-07-02 12:10:19.595] info: [local-source-provider] getting metadata

[2026-07-02 12:10:19.596] info: [local-source-provider] getting schemas

[2026-07-02 12:10:19.606] info: [local-source-provider] getting schemas

[2026-07-02 12:10:19.633] info: [file-destination-provider] creating schemas write stream

[2026-07-02 12:10:19.772] info: [local-source-provider] creating entities read stream

[2026-07-02 12:10:19.781] info: [file-destination-provider] creating entities write stream

[2026-07-02 12:10:20.080] info: [local-source-provider] creating assets read stream

[2026-07-02 12:10:20.101] info: [file-destination-provider] creating assets write stream

[2026-07-02 12:10:20.194] warn: (local-source-provider) [Data transfer] Media item 1 (hash: Chat_GPT_Image_Jun_23_2026_08_51_01_PM_fa5f6c2fa2) exists in database but no corresponding file was found to transfer. Path: E:\jut\jutciie-cms\public\uploads\Chat_GPT_Image_Jun_23_2026_08_51_01_PM_fa5f6c2fa2.png
[2026-07-02 12:10:20.198] warn: (local-source-provider) [Data transfer] Media item 2 (hash: jut_img_1_8727cc5c76) exists in database but no corresponding file was found to transfer. Path: E:\jut\jutciie-cms\public\uploads\jut_img_1_8727cc5c76.webp
[2026-07-02 12:10:20.215] warn: (local-source-provider) [Data transfer] Media item 3 (hash: p1_1bb4703267) exists in database but no corresponding file was found to transfer. Path: E:\jut\jutciie-cms\public\uploads\p1_1bb4703267.jpg
[2026-07-02 12:10:20.218] warn: (local-source-provider) [Data transfer] Media item 4 (hash: p2_081ab49791) exists in database but no corresponding file was found to transfer. Path: E:\jut\jutciie-cms\public\uploads\p2_081ab49791.jpg
[2026-07-02 12:10:20.220] warn: (local-source-provider) [Data transfer] Media item 5 (hash: p3_61dc20568e) exists in database but no corresponding file was found to transfer. Path: E:\jut\jutciie-cms\public\uploads\p3_61dc20568e.jpg
[2026-07-02 12:10:20.233] warn: (local-source-provider) [Data transfer] Media item 6 (hash: panjar_logo_53d4891896) exists in database but no corresponding file was found to transfer. Path: E:\jut\jutciie-cms\public\uploads\panjar_logo_53d4891896.png
[2026-07-02 12:10:20.236] warn: (local-source-provider) [Data transfer] Media item 7 (hash: agri_logo_dd030f4062) exists in database but no corresponding file was found to transfer. Path: E:\jut\jutciie-cms\public\uploads\agri_logo_dd030f4062.webp
[2026-07-02 12:10:20.257] warn: (local-source-provider) [Data transfer] Media item 8 (hash: logo_manokamna_192ca0d072) exists in database but no corresponding file was found to transfer. Path: E:\jut\jutciie-cms\public\uploads\logo_manokamna_192ca0d072.png
[2026-07-02 12:10:20.263] warn: (local-source-provider) [Data transfer] Media item 9 (hash: Whats_App_Image_2026_06_27_at_2_21_38_AM_446eb466df) exists in database but no corresponding file was found to transfer. Path: E:\jut\jutciie-cms\public\uploads\Whats_App_Image_2026_06_27_at_2_21_38_AM_446eb466df.jpeg
[2026-07-02 12:10:20.267] warn: (local-source-provider) [Data transfer] Media item 10 (hash: Whats_App_Image_2026_06_27_at_2_21_36_AM_1_94d5f2da5a) exists in database but no corresponding file was found to transfer. Path: E:\jut\jutciie-cms\public\uploads\Whats_App_Image_2026_06_27_at_2_21_36_AM_1_94d5f2da5a.jpeg
[2026-07-02 12:10:20.275] warn: (local-source-provider) [Data transfer] Media item 11 (hash: Whats_App_Image_2026_06_27_at_2_21_36_AM_c382973cb7) exists in database but no corresponding file was found to transfer. Path: E:\jut\jutciie-cms\public\uploads\Whats_App_Image_2026_06_27_at_2_21_36_AM_c382973cb7.jpeg
[2026-07-02 12:10:20.304] warn: (local-source-provider) [Data transfer] Media item 12 (hash: Whats_App_Image_2026_06_27_at_2_21_38_AM_1_f005c77cc5) exists in database but no corresponding file was found to transfer. Path: E:\jut\jutciie-cms\public\uploads\Whats_App_Image_2026_06_27_at_2_21_38_AM_1_f005c77cc5.jpeg
[2026-07-02 12:10:20.330] warn: (local-source-provider) [Data transfer] Media item 13 (hash: Whats_App_Image_2026_06_27_at_2_21_40_AM_1_be053189d2) exists in database but no corresponding file was found to transfer. Path: E:\jut\jutciie-cms\public\uploads\Whats_App_Image_2026_06_27_at_2_21_40_AM_1_be053189d2.jpeg
[2026-07-02 12:10:20.336] warn: (local-source-provider) [Data transfer] Media item 14 (hash: Whats_App_Image_2026_06_27_at_2_21_41_AM_1_63a0fe8584) exists in database but no corresponding file was found to transfer. Path: E:\jut\jutciie-cms\public\uploads\Whats_App_Image_2026_06_27_at_2_21_41_AM_1_63a0fe8584.jpeg
[2026-07-02 12:10:20.338] warn: (local-source-provider) [Data transfer] Media item 15 (hash: Whats_App_Image_2026_06_27_at_2_21_41_AM_ecde0cfa61) exists in database but no corresponding file was found to transfer. Path: E:\jut\jutciie-cms\public\uploads\Whats_App_Image_2026_06_27_at_2_21_41_AM_ecde0cfa61.jpeg
[2026-07-02 12:10:20.340] warn: (local-source-provider) [Data transfer] Media item 16 (hash: Whats_App_Image_2026_06_27_at_2_21_40_AM_67667348aa) exists in database but no corresponding file was found to transfer. Path: E:\jut\jutciie-cms\public\uploads\Whats_App_Image_2026_06_27_at_2_21_40_AM_67667348aa.jpeg
[2026-07-02 12:10:20.345] warn: (local-source-provider) [Data transfer] Media item 17 (hash: Whats_App_Image_2026_06_27_at_2_21_42_AM_1_a57af5279d) exists in database but no corresponding file was found to transfer. Path: E:\jut\jutciie-cms\public\uploads\Whats_App_Image_2026_06_27_at_2_21_42_AM_1_a57af5279d.jpeg
[2026-07-02 12:10:20.349] warn: (local-source-provider) [Data transfer] Media item 18 (hash: Whats_App_Image_2026_06_27_at_2_21_42_AM_fc510046b1) exists in database but no corresponding file was found to transfer. Path: E:\jut\jutciie-cms\public\uploads\Whats_App_Image_2026_06_27_at_2_21_42_AM_fc510046b1.jpeg
[2026-07-02 12:10:20.352] warn: (local-source-provider) [Data transfer] Media item 19 (hash: Whats_App_Image_2026_06_27_at_2_21_43_AM_15f22c2524) exists in database but no corresponding file was found to transfer. Path: E:\jut\jutciie-cms\public\uploads\Whats_App_Image_2026_06_27_at_2_21_43_AM_15f22c2524.jpeg
[2026-07-02 12:10:20.359] warn: (local-source-provider) [Data transfer] Media item 20 (hash: Whats_App_Image_2026_06_27_at_2_21_43_AM_1_b6b291967b) exists in database but no corresponding file was found to transfer. Path: E:\jut\jutciie-cms\public\uploads\Whats_App_Image_2026_06_27_at_2_21_43_AM_1_b6b291967b.jpeg
[2026-07-02 12:10:20.380] warn: (local-source-provider) [Data transfer] Media item 21 (hash: Whats_App_Image_2026_06_27_at_2_21_42_AM_2_a63d6915ab) exists in database but no corresponding file was found to transfer. Path: E:\jut\jutciie-cms\public\uploads\Whats_App_Image_2026_06_27_at_2_21_42_AM_2_a63d6915ab.jpeg
[2026-07-02 12:10:20.387] warn: (local-source-provider) [Data transfer] Media item 22 (hash: Whats_App_Image_2026_06_27_at_2_21_44_AM_1_64d1f4cbdb) exists in database but no corresponding file was found to transfer. Path: E:\jut\jutciie-cms\public\uploads\Whats_App_Image_2026_06_27_at_2_21_44_AM_1_64d1f4cbdb.jpeg
[2026-07-02 12:10:20.392] warn: (local-source-provider) [Data transfer] Media item 23 (hash: Whats_App_Image_2026_06_27_at_2_21_44_AM_e5a0061a18) exists in database but no corresponding file was found to transfer. Path: E:\jut\jutciie-cms\public\uploads\Whats_App_Image_2026_06_27_at_2_21_44_AM_e5a0061a18.jpeg
[2026-07-02 12:10:20.405] warn: (local-source-provider) [Data transfer] Media item 24 (hash: Whats_App_Image_2026_06_27_at_2_21_49_AM_86bd0126ca) exists in database but no corresponding file was found to transfer. Path: E:\jut\jutciie-cms\public\uploads\Whats_App_Image_2026_06_27_at_2_21_49_AM_86bd0126ca.jpeg
[2026-07-02 12:10:20.447] warn: (local-source-provider) [Data transfer] Media item 25 (hash: Whats_App_Image_2026_06_27_at_2_21_50_AM_f5581a5c79) exists in database but no corresponding file was found to transfer. Path: E:\jut\jutciie-cms\public\uploads\Whats_App_Image_2026_06_27_at_2_21_50_AM_f5581a5c79.jpeg
[2026-07-02 12:10:20.448] warn: (local-source-provider) [Data transfer] Media item 26 (hash: Whats_App_Image_2026_06_27_at_2_21_50_AM_1_3192f1f1e9) exists in database but no corresponding file was found to transfer. Path: E:\jut\jutciie-cms\public\uploads\Whats_App_Image_2026_06_27_at_2_21_50_AM_1_3192f1f1e9.jpeg
[2026-07-02 12:10:20.464] warn: (local-source-provider) [Data transfer] Media item 27 (hash: Whats_App_Image_2026_06_27_at_2_21_51_AM_73ce61308a) exists in database but no corresponding file was found to transfer. Path: E:\jut\jutciie-cms\public\uploads\Whats_App_Image_2026_06_27_at_2_21_51_AM_73ce61308a.jpeg
[2026-07-02 12:10:20.506] warn: (local-source-provider) [Data transfer] Media item 28 (hash: Letter_No_785_Ex_Form_Fillup18062026_f565018c7a) exists in database but no corresponding file was found to transfer. Path: E:\jut\jutciie-cms\public\uploads\Letter_No_785_Ex_Form_Fillup18062026_f565018c7a.pdf
[2026-07-02 12:10:20.513] warn: (local-source-provider) [Data transfer] Media item 29 (hash: dk_sir_8b8863f146) exists in database but no corresponding file was found to transfer. Path: E:\jut\jutciie-cms\public\uploads\dk_sir_8b8863f146.jpg
[2026-07-02 12:10:20.515] warn: (local-source-provider) [Data transfer] Media item 30 (hash: registrar_38a9a62fb5) exists in database but no corresponding file was found to transfer. Path: E:\jut\jutciie-cms\public\uploads\registrar_38a9a62fb5.jpeg
[2026-07-02 12:10:20.517] warn: (local-source-provider) [Data transfer] Media item 31 (hash: aditya_sir_472fac5f0e) exists in database but no corresponding file was found to transfer. Path: E:\jut\jutciie-cms\public\uploads\aditya_sir_472fac5f0e.jpg
[2026-07-02 12:10:20.521] warn: (local-source-provider) [Data transfer] Media item 32 (hash: agrohub_logo_882b026432) exists in database but no corresponding file was found to transfer. Path: E:\jut\jutciie-cms\public\uploads\agrohub_logo_882b026432.jpg
[2026-07-02 12:10:20.523] warn: (local-source-provider) [Data transfer] Media item 33 (hash: QR_WEDS_Footer_Logo_fc282d360d) exists in database but no corresponding file was found to transfer. Path: E:\jut\jutciie-cms\public\uploads\QR_WEDS_Footer_Logo_fc282d360d.png
[2026-07-02 12:10:20.529] warn: (local-source-provider) [Data transfer] Media item 34 (hash: school_logo_0a19e3a0c6) exists in database but no corresponding file was found to transfer. Path: E:\jut\jutciie-cms\public\uploads\school_logo_0a19e3a0c6.png
[2026-07-02 12:10:20.531] warn: (local-source-provider) [Data transfer] Media item 35 (hash: school_logo_c77e5a697d) exists in database but no corresponding file was found to transfer. Path: E:\jut\jutciie-cms\public\uploads\school_logo_c77e5a697d.png
[2026-07-02 12:10:20.533] warn: (local-source-provider) [Data transfer] Media item 36 (hash: agrohub_logo_12aa49fc9e) exists in database but no corresponding file was found to transfer. Path: E:\jut\jutciie-cms\public\uploads\agrohub_logo_12aa49fc9e.jpg
[2026-07-02 12:10:20.553] info: [local-source-provider] creating links read stream

[2026-07-02 12:10:20.558] info: [file-destination-provider] creating links write stream

[2026-07-02 12:10:20.895] info: [local-source-provider] creating configuration read stream

[2026-07-02 12:10:20.896] info: [file-destination-provider] creating configuration write stream

[2026-07-02 12:10:20.971] info: [file-destination-provider] writing metadata

