[2026-07-02 11:13:55.007] info: [import] Diagnostic log file: E:\jut\jutciie-cms\import_1782971034992.log (info-level messages are written here even without --verbose)
[2026-07-02 11:13:55.008] info: [local-destination-provider] validating options

[2026-07-02 11:13:55.027] info: [file-source-provider] getting metadata

[2026-07-02 11:13:55.027] info: [local-destination-provider] getting metadata

[2026-07-02 11:13:55.028] info: [file-source-provider] getting metadata

[2026-07-02 11:13:55.028] info: [local-destination-provider] getting metadata

[2026-07-02 11:13:55.029] info: [file-source-provider] getting schemas

[2026-07-02 11:13:55.029] info: [file-source-provider] creating schemas read stream

[2026-07-02 11:13:55.113] info: [local-destination-provider] getting schema

[2026-07-02 11:13:55.136] info: [local-destination-provider] creating assets backup directory

[2026-07-02 11:13:55.151] info: [local-destination-provider] created assets backup directory E:\jut\jutciie-cms\public\uploads_backup_1782971034902

[2026-07-02 11:13:55.151] info: [local-destination-provider] deleting all assets

[2026-07-02 11:13:55.269] info: [local-destination-provider] deleted all assets

[2026-07-02 11:13:55.270] info: [local-destination-provider] deleting record 

[2026-07-02 11:13:58.780] info: [file-source-provider] creating schemas read stream

[2026-07-02 11:13:58.860] info: [file-source-provider] creating entities read stream

[2026-07-02 11:13:58.925] info: [local-destination-provider] creating entities stream

[2026-07-02 11:14:02.509] info: [file-source-provider] creating assets read stream

[2026-07-02 11:14:02.510] info: [local-destination-provider] creating assets write stream

[2026-07-02 11:14:02.520] info: [local-destination-provider] removing assets backup

[2026-07-02 11:14:02.625] info: [local-destination-provider] successfully removed assets backup

[2026-07-02 11:14:02.627] info: [file-source-provider] creating links read stream

[2026-07-02 11:14:02.705] info: [local-destination-provider] creating links write stream

[2026-07-02 11:14:04.300] info: [file-source-provider] creating configuration read stream

[2026-07-02 11:14:04.380] info: [local-destination-provider] creating configuration write stream

