[2026-07-02 12:15:13.116] info: [import] Diagnostic log file: E:\jut\jutciie-cms\import_1782974713100.log (info-level messages are written here even without --verbose)
[2026-07-02 12:15:13.117] info: [local-destination-provider] validating options

[2026-07-02 12:15:13.182] info: [file-source-provider] getting metadata

[2026-07-02 12:15:13.183] info: [local-destination-provider] getting metadata

[2026-07-02 12:15:13.183] info: [file-source-provider] getting metadata

[2026-07-02 12:15:13.183] info: [local-destination-provider] getting metadata

[2026-07-02 12:15:13.184] info: [file-source-provider] getting schemas

[2026-07-02 12:15:13.184] info: [file-source-provider] creating schemas read stream

[2026-07-02 12:15:13.276] info: [local-destination-provider] getting schema

[2026-07-02 12:15:13.302] info: [local-destination-provider] creating assets backup directory

[2026-07-02 12:15:13.316] info: [local-destination-provider] created assets backup directory E:\jut\jutciie-cms\public\uploads_backup_1782974713012

[2026-07-02 12:15:13.317] info: [local-destination-provider] deleting all assets

[2026-07-02 12:15:13.443] info: [local-destination-provider] deleted all assets

[2026-07-02 12:15:13.444] info: [local-destination-provider] deleting record 

[2026-07-02 12:15:16.901] info: [file-source-provider] creating schemas read stream

[2026-07-02 12:15:16.967] info: [file-source-provider] creating entities read stream

[2026-07-02 12:15:17.030] info: [local-destination-provider] creating entities stream

[2026-07-02 12:15:56.099] info: [file-source-provider] creating assets read stream

[2026-07-02 12:15:56.100] info: [local-destination-provider] creating assets write stream

[2026-07-02 12:15:56.116] info: [local-destination-provider] removing assets backup

[2026-07-02 12:15:56.125] info: [local-destination-provider] successfully removed assets backup

[2026-07-02 12:15:56.127] info: [file-source-provider] creating links read stream

[2026-07-02 12:15:56.206] info: [local-destination-provider] creating links write stream

[2026-07-02 12:16:10.990] info: [file-source-provider] creating configuration read stream

[2026-07-02 12:16:11.076] info: [local-destination-provider] creating configuration write stream

